Archive member included to satisfy reference by file (symbol)

c:/st/stm32cubeide_1.11.2/stm32cubeide/plugins/com.st.stm32cube.ide.mcu.externaltools.gnu-tools-for-stm32.10.3-2021.10.win32_1.0.100.202210260954/tools/bin/../lib/gcc/arm-none-eabi/10.3.1/../../../../arm-none-eabi/lib/thumb/v7e-m+fp/hard\libc_nano.a(lib_a-errno.o)
                              ./Src/syscalls.o (__errno)
c:/st/stm32cubeide_1.11.2/stm32cubeide/plugins/com.st.stm32cube.ide.mcu.externaltools.gnu-tools-for-stm32.10.3-2021.10.win32_1.0.100.202210260954/tools/bin/../lib/gcc/arm-none-eabi/10.3.1/../../../../arm-none-eabi/lib/thumb/v7e-m+fp/hard\libc_nano.a(lib_a-exit.o)
                              c:/st/stm32cubeide_1.11.2/stm32cubeide/plugins/com.st.stm32cube.ide.mcu.externaltools.gnu-tools-for-stm32.10.3-2021.10.win32_1.0.100.202210260954/tools/bin/../lib/gcc/arm-none-eabi/10.3.1/../../../../arm-none-eabi/lib/thumb/v7e-m+fp/hard/crt0.o (exit)
c:/st/stm32cubeide_1.11.2/stm32cubeide/plugins/com.st.stm32cube.ide.mcu.externaltools.gnu-tools-for-stm32.10.3-2021.10.win32_1.0.100.202210260954/tools/bin/../lib/gcc/arm-none-eabi/10.3.1/../../../../arm-none-eabi/lib/thumb/v7e-m+fp/hard\libc_nano.a(lib_a-impure.o)
                              c:/st/stm32cubeide_1.11.2/stm32cubeide/plugins/com.st.stm32cube.ide.mcu.externaltools.gnu-tools-for-stm32.10.3-2021.10.win32_1.0.100.202210260954/tools/bin/../lib/gcc/arm-none-eabi/10.3.1/../../../../arm-none-eabi/lib/thumb/v7e-m+fp/hard\libc_nano.a(lib_a-exit.o) (_global_impure_ptr)
c:/st/stm32cubeide_1.11.2/stm32cubeide/plugins/com.st.stm32cube.ide.mcu.externaltools.gnu-tools-for-stm32.10.3-2021.10.win32_1.0.100.202210260954/tools/bin/../lib/gcc/arm-none-eabi/10.3.1/../../../../arm-none-eabi/lib/thumb/v7e-m+fp/hard\libc_nano.a(lib_a-init.o)
                              c:/st/stm32cubeide_1.11.2/stm32cubeide/plugins/com.st.stm32cube.ide.mcu.externaltools.gnu-tools-for-stm32.10.3-2021.10.win32_1.0.100.202210260954/tools/bin/../lib/gcc/arm-none-eabi/10.3.1/../../../../arm-none-eabi/lib/thumb/v7e-m+fp/hard/crt0.o (__libc_init_array)
c:/st/stm32cubeide_1.11.2/stm32cubeide/plugins/com.st.stm32cube.ide.mcu.externaltools.gnu-tools-for-stm32.10.3-2021.10.win32_1.0.100.202210260954/tools/bin/../lib/gcc/arm-none-eabi/10.3.1/../../../../arm-none-eabi/lib/thumb/v7e-m+fp/hard\libc_nano.a(lib_a-memset.o)
                              c:/st/stm32cubeide_1.11.2/stm32cubeide/plugins/com.st.stm32cube.ide.mcu.externaltools.gnu-tools-for-stm32.10.3-2021.10.win32_1.0.100.202210260954/tools/bin/../lib/gcc/arm-none-eabi/10.3.1/../../../../arm-none-eabi/lib/thumb/v7e-m+fp/hard/crt0.o (memset)
c:/st/stm32cubeide_1.11.2/stm32cubeide/plugins/com.st.stm32cube.ide.mcu.externaltools.gnu-tools-for-stm32.10.3-2021.10.win32_1.0.100.202210260954/tools/bin/../lib/gcc/arm-none-eabi/10.3.1/../../../../arm-none-eabi/lib/thumb/v7e-m+fp/hard\libc_nano.a(lib_a-puts.o)
                              ./Src/main.o (puts)
c:/st/stm32cubeide_1.11.2/stm32cubeide/plugins/com.st.stm32cube.ide.mcu.externaltools.gnu-tools-for-stm32.10.3-2021.10.win32_1.0.100.202210260954/tools/bin/../lib/gcc/arm-none-eabi/10.3.1/../../../../arm-none-eabi/lib/thumb/v7e-m+fp/hard\libc_nano.a(lib_a-wbuf.o)
                              c:/st/stm32cubeide_1.11.2/stm32cubeide/plugins/com.st.stm32cube.ide.mcu.externaltools.gnu-tools-for-stm32.10.3-2021.10.win32_1.0.100.202210260954/tools/bin/../lib/gcc/arm-none-eabi/10.3.1/../../../../arm-none-eabi/lib/thumb/v7e-m+fp/hard\libc_nano.a(lib_a-puts.o) (__swbuf_r)
c:/st/stm32cubeide_1.11.2/stm32cubeide/plugins/com.st.stm32cube.ide.mcu.externaltools.gnu-tools-for-stm32.10.3-2021.10.win32_1.0.100.202210260954/tools/bin/../lib/gcc/arm-none-eabi/10.3.1/../../../../arm-none-eabi/lib/thumb/v7e-m+fp/hard\libc_nano.a(lib_a-wsetup.o)
                              c:/st/stm32cubeide_1.11.2/stm32cubeide/plugins/com.st.stm32cube.ide.mcu.externaltools.gnu-tools-for-stm32.10.3-2021.10.win32_1.0.100.202210260954/tools/bin/../lib/gcc/arm-none-eabi/10.3.1/../../../../arm-none-eabi/lib/thumb/v7e-m+fp/hard\libc_nano.a(lib_a-puts.o) (__swsetup_r)
c:/st/stm32cubeide_1.11.2/stm32cubeide/plugins/com.st.stm32cube.ide.mcu.externaltools.gnu-tools-for-stm32.10.3-2021.10.win32_1.0.100.202210260954/tools/bin/../lib/gcc/arm-none-eabi/10.3.1/../../../../arm-none-eabi/lib/thumb/v7e-m+fp/hard\libc_nano.a(lib_a-fflush.o)
                              c:/st/stm32cubeide_1.11.2/stm32cubeide/plugins/com.st.stm32cube.ide.mcu.externaltools.gnu-tools-for-stm32.10.3-2021.10.win32_1.0.100.202210260954/tools/bin/../lib/gcc/arm-none-eabi/10.3.1/../../../../arm-none-eabi/lib/thumb/v7e-m+fp/hard\libc_nano.a(lib_a-wbuf.o) (_fflush_r)
c:/st/stm32cubeide_1.11.2/stm32cubeide/plugins/com.st.stm32cube.ide.mcu.externaltools.gnu-tools-for-stm32.10.3-2021.10.win32_1.0.100.202210260954/tools/bin/../lib/gcc/arm-none-eabi/10.3.1/../../../../arm-none-eabi/lib/thumb/v7e-m+fp/hard\libc_nano.a(lib_a-findfp.o)
[...]
Memory Configuration

Name             Origin             Length             Attributes
RAM              0x0000000020000000 0x0000000000020000 xrw
FLASH            0x0000000008000000 0x0000000000080000 xr
*default*        0x0000000000000000 0xffffffffffffffff

Linker script and memory map

LOAD c:/st/stm32cubeide_1.11.2/stm32cubeide/plugins/com.st.stm32cube.ide.mcu.externaltools.gnu-tools-for-stm32.10.3-2021.10.win32_1.0.100.202210260954/tools/bin/../lib/gcc/arm-none-eabi/10.3.1/thumb/v7e-m+fp/hard/crti.o
LOAD c:/st/stm32cubeide_1.11.2/stm32cubeide/plugins/com.st.stm32cube.ide.mcu.externaltools.gnu-tools-for-stm32.10.3-2021.10.win32_1.0.100.202210260954/tools/bin/../lib/gcc/arm-none-eabi/10.3.1/thumb/v7e-m+fp/hard/crtbegin.o
LOAD c:/st/stm32cubeide_1.11.2/stm32cubeide/plugins/com.st.stm32cube.ide.mcu.externaltools.gnu-tools-for-stm32.10.3-2021.10.win32_1.0.100.202210260954/tools/bin/../lib/gcc/arm-none-eabi/10.3.1/../../../../arm-none-eabi/lib/thumb/v7e-m+fp/hard/crt0.o
LOAD ./Src/adc.o
LOAD ./Src/exti.o
LOAD ./Src/main.o
LOAD ./Src/syscalls.o
LOAD ./Src/sysmem.o
LOAD ./Src/systick.o
LOAD ./Src/timer.o
LOAD ./Startup/startup_stm32f411retx.o
START GROUP
LOAD c:/st/stm32cubeide_1.11.2/stm32cubeide/plugins/com.st.stm32cube.ide.mcu.externaltools.gnu-tools-for-stm32.10.3-2021.10.win32_1.0.100.202210260954/tools/bin/../lib/gcc/arm-none-eabi/10.3.1/../../../../arm-none-eabi/lib/thumb/v7e-m+fp/hard\libc_nano.a
LOAD c:/st/stm32cubeide_1.11.2/stm32cubeide/plugins/com.st.stm32cube.ide.mcu.externaltools.gnu-tools-for-stm32.10.3-2021.10.win32_1.0.100.202210260954/tools/bin/../lib/gcc/arm-none-eabi/10.3.1/../../../../arm-none-eabi/lib/thumb/v7e-m+fp/hard\libm.a
END GROUP
START GROUP
LOAD c:/st/stm32cubeide_1.11.2/stm32cubeide/plugins/com.st.stm32cube.ide.mcu.externaltools.gnu-tools-for-stm32.10.3-2021.10.win32_1.0.100.202210260954/tools/bin/../lib/gcc/arm-none-eabi/10.3.1/thumb/v7e-m+fp/hard\libgcc.a
LOAD c:/st/stm32cubeide_1.11.2/stm32cubeide/plugins/com.st.stm32cube.ide.mcu.externaltools.gnu-tools-for-stm32.10.3-2021.10.win32_1.0.100.202210260954/tools/bin/../lib/gcc/arm-none-eabi/10.3.1/../../../../arm-none-eabi/lib/thumb/v7e-m+fp/hard\libc_nano.a
END GROUP
START GROUP
LOAD c:/st/stm32cubeide_1.11.2/stm32cubeide/plugins/com.st.stm32cube.ide.mcu.externaltools.gnu-tools-for-stm32.10.3-2021.10.win32_1.0.100.202210260954/tools/bin/../lib/gcc/arm-none-eabi/10.3.1/thumb/v7e-m+fp/hard\libgcc.a
LOAD c:/st/stm32cubeide_1.11.2/stm32cubeide/plugins/com.st.stm32cube.ide.mcu.externaltools.gnu-tools-for-stm32.10.3-2021.10.win32_1.0.100.202210260954/tools/bin/../lib/gcc/arm-none-eabi/10.3.1/../../../../arm-none-eabi/lib/thumb/v7e-m+fp/hard\libc_nano.a
LOAD c:/st/stm32cubeide_1.11.2/stm32cubeide/plugins/com.st.stm32cube.ide.mcu.externaltools.gnu-tools-for-stm32.10.3-2021.10.win32_1.0.100.202210260954/tools/bin/../lib/gcc/arm-none-eabi/10.3.1/../../../../arm-none-eabi/lib/thumb/v7e-m+fp/hard\libnosys.a
END GROUP
START GROUP
LOAD c:/st/stm32cubeide_1.11.2/stm32cubeide/plugins/com.st.stm32cube.ide.mcu.externaltools.gnu-tools-for-stm32.10.3-2021.10.win32_1.0.100.202210260954/tools/bin/../lib/gcc/arm-none-eabi/10.3.1/thumb/v7e-m+fp/hard\libgcc.a
LOAD c:/st/stm32cubeide_1.11.2/stm32cubeide/plugins/com.st.stm32cube.ide.mcu.externaltools.gnu-tools-for-stm32.10.3-2021.10.win32_1.0.100.202210260954/tools/bin/../lib/gcc/arm-none-eabi/10.3.1/../../../../arm-none-eabi/lib/thumb/v7e-m+fp/hard\libc_nano.a
LOAD c:/st/stm32cubeide_1.11.2/stm32cubeide/plugins/com.st.stm32cube.ide.mcu.externaltools.gnu-tools-for-stm32.10.3-2021.10.win32_1.0.100.202210260954/tools/bin/../lib/gcc/arm-none-eabi/10.3.1/../../../../arm-none-eabi/lib/thumb/v7e-m+fp/hard\libnosys.a
END GROUP
LOAD c:/st/stm32cubeide_1.11.2/stm32cubeide/plugins/com.st.stm32cube.ide.mcu.externaltools.gnu-tools-for-stm32.10.3-2021.10.win32_1.0.100.202210260954/tools/bin/../lib/gcc/arm-none-eabi/10.3.1/thumb/v7e-m+fp/hard/crtend.o
LOAD c:/st/stm32cubeide_1.11.2/stm32cubeide/plugins/com.st.stm32cube.ide.mcu.externaltools.gnu-tools-for-stm32.10.3-2021.10.win32_1.0.100.202210260954/tools/bin/../lib/gcc/arm-none-eabi/10.3.1/thumb/v7e-m+fp/hard/crtn.o
                0x0000000020020000                _estack = (ORIGIN (RAM) + LENGTH (RAM))
                0x0000000000000200                _Min_Heap_Size = 0x200
                0x0000000000000400                _Min_Stack_Size = 0x400

.isr_vector     0x0000000008000000      0x198
                0x0000000008000000                . = ALIGN (0x4)
 *(.isr_vector)
 .isr_vector    0x0000000008000000      0x198 ./Startup/startup_stm32f411retx.o
                0x0000000008000000                g_pfnVectors
                0x0000000008000198                . = ALIGN (0x4)

.text           0x0000000008000198      0xd90
                0x0000000008000198                . = ALIGN (0x4)
 *(.text)
 .text          0x0000000008000198       0x40 c:/st/stm32cubeide_1.11.2/stm32cubeide/plugins/com.st.stm32cube.ide.mcu.externaltools.gnu-tools-for-stm32.10.3-2021.10.win32_1.0.100.202210260954/tools/bin/../lib/gcc/arm-none-eabi/10.3.1/thumb/v7e-m+fp/hard/crtbegin.o
 *(.text*)
 .text.__NVIC_EnableIRQ
                0x00000000080001d8       0x3c ./Src/exti.o
 .text.pc13_exti_init
                0x0000000008000214       0x7c ./Src/exti.o
                0x0000000008000214                pc13_exti_init
 .text.main     0x0000000008000290       0x38 ./Src/main.o
                0x0000000008000290                main
 .text.exti_callback
                0x00000000080002c8       0x24 ./Src/main.o
 .text.EXTI15_10_IRQHandler
                0x00000000080002ec       0x28 ./Src/main.o
                0x00000000080002ec                EXTI15_10_IRQHandler
 .text._read    0x0000000008000314       0x3a ./Src/syscalls.o
                0x0000000008000314                _read
 .text._write   0x000000000800034e       0x38 ./Src/syscalls.o
                0x000000000800034e                _write
 .text._close   0x0000000008000386       0x18 ./Src/syscalls.o
                0x0000000008000386                _close
 .text._fstat   0x000000000800039e       0x20 ./Src/syscalls.o
                0x000000000800039e                _fstat
 .text._isatty  0x00000000080003be       0x16 ./Src/syscalls.o
                0x00000000080003be                _isatty
 .text._lseek   0x00000000080003d4       0x1a ./Src/syscalls.o
                0x00000000080003d4                _lseek
 *fill*         0x00000000080003ee        0x2 
 .text._sbrk    0x00000000080003f0       0x6c ./Src/sysmem.o
                0x00000000080003f0                _sbrk
 .text.Reset_Handler
                0x000000000800045c       0x50 ./Startup/startup_stm32f411retx.o
                0x000000000800045c                Reset_Handler
 .text.Default_Handler
                0x00000000080004ac        0x2 ./Startup/startup_stm32f411retx.o
                0x00000000080004ac                RTC_Alarm_IRQHandler
                0x00000000080004ac                EXTI2_IRQHandler
                0x00000000080004ac                DebugMon_Handler
                0x00000000080004ac                SPI4_IRQHandler
                0x00000000080004ac                TIM1_CC_IRQHandler
                0x00000000080004ac                DMA2_Stream5_IRQHandler
                0x00000000080004ac                HardFault_Handler
                0x00000000080004ac                DMA1_Stream5_IRQHandler
                0x00000000080004ac                SysTick_Handler
                0x00000000080004ac                PVD_IRQHandler
                0x00000000080004ac                SDIO_IRQHandler
                0x00000000080004ac                TAMP_STAMP_IRQHandler
                0x00000000080004ac                PendSV_Handler
                0x00000000080004ac                NMI_Handler
                0x00000000080004ac                EXTI3_IRQHandler
                0x00000000080004ac                TIM1_UP_TIM10_IRQHandler
                0x00000000080004ac                I2C3_ER_IRQHandler
                0x00000000080004ac                EXTI0_IRQHandler
                0x00000000080004ac                I2C2_EV_IRQHandler
                0x00000000080004ac                DMA1_Stream2_IRQHandler
                0x00000000080004ac                UsageFault_Handler
                0x00000000080004ac                DMA2_Stream2_IRQHandler
                0x00000000080004ac                SPI1_IRQHandler
                0x00000000080004ac                TIM1_BRK_TIM9_IRQHandler
                0x00000000080004ac                DMA2_Stream3_IRQHandler
                0x00000000080004ac                USART6_IRQHandler
                0x00000000080004ac                DMA2_Stream0_IRQHandler
                0x00000000080004ac                TIM4_IRQHandler
                0x00000000080004ac                I2C1_EV_IRQHandler
                0x00000000080004ac                DMA1_Stream6_IRQHandler
                0x00000000080004ac                DMA1_Stream1_IRQHandler
                0x00000000080004ac                TIM3_IRQHandler
                0x00000000080004ac                RCC_IRQHandler
                0x00000000080004ac                Default_Handler
                0x00000000080004ac                ADC_IRQHandler
                0x00000000080004ac                DMA1_Stream7_IRQHandler
                0x00000000080004ac                SPI5_IRQHandler
                0x00000000080004ac                TIM5_IRQHandler
                0x00000000080004ac                DMA2_Stream7_IRQHandler
                0x00000000080004ac                I2C3_EV_IRQHandler
                0x00000000080004ac                EXTI9_5_IRQHandler
                0x00000000080004ac                RTC_WKUP_IRQHandler
                0x00000000080004ac                SPI2_IRQHandler
                0x00000000080004ac                MemManage_Handler
                0x00000000080004ac                DMA1_Stream0_IRQHandler
                0x00000000080004ac                SVC_Handler
                0x00000000080004ac                EXTI4_IRQHandler
                0x00000000080004ac                WWDG_IRQHandler
                0x00000000080004ac                TIM2_IRQHandler
                0x00000000080004ac                OTG_FS_WKUP_IRQHandler
                0x00000000080004ac                TIM1_TRG_COM_TIM11_IRQHandler
                0x00000000080004ac                EXTI1_IRQHandler
                0x00000000080004ac                USART2_IRQHandler
                0x00000000080004ac                I2C2_ER_IRQHandler
                0x00000000080004ac                DMA2_Stream1_IRQHandler
                0x00000000080004ac                FLASH_IRQHandler
                0x00000000080004ac                DMA2_Stream4_IRQHandler
                0x00000000080004ac                BusFault_Handler
                0x00000000080004ac                USART1_IRQHandler
                0x00000000080004ac                OTG_FS_IRQHandler
                0x00000000080004ac                SPI3_IRQHandler
                0x00000000080004ac                DMA1_Stream4_IRQHandler
                0x00000000080004ac                I2C1_ER_IRQHandler
                0x00000000080004ac                DMA2_Stream6_IRQHandler
                0x00000000080004ac                DMA1_Stream3_IRQHandler
 *fill*         0x00000000080004ae        0x2 
 .text.__errno  0x00000000080004b0        0xc c:/st/stm32cubeide_1.11.2/stm32cubeide/plugins/com.st.stm32cube.ide.mcu.externaltools.gnu-tools-for-stm32.10.3-2021.10.win32_1.0.100.202210260954/tools/bin/../lib/gcc/arm-none-eabi/10.3.1/../../../../arm-none-eabi/lib/thumb/v7e-m+fp/hard\libc_nano.a(lib_a-errno.o)
                0x00000000080004b0                __errno
 .text.__libc_init_array
                0x00000000080004bc       0x48 c:/st/stm32cubeide_1.11.2/stm32cubeide/plugins/com.st.stm32cube.ide.mcu.externaltools.gnu-tools-for-stm32.10.3-2021.10.win32_1.0.100.202210260954/tools/bin/../lib/gcc/arm-none-eabi/10.3.1/../../../../arm-none-eabi/lib/thumb/v7e-m+fp/hard\libc_nano.a(lib_a-init.o)
                0x00000000080004bc                __libc_init_array
 .text.memset   0x0000000008000504       0x10 c:/st/stm32cubeide_1.11.2/stm32cubeide/plugins/com.st.stm32cube.ide.mcu.externaltools.gnu-tools-for-stm32.10.3-2021.10.win32_1.0.100.202210260954/tools/bin/../lib/gcc/arm-none-eabi/10.3.1/../../../../arm-none-eabi/lib/thumb/v7e-m+fp/hard\libc_nano.a(lib_a-memset.o)
                0x0000000008000504                memset
 .text._puts_r  0x0000000008000514       0xdc c:/st/stm32cubeide_1.11.2/stm32cubeide/plugins/com.st.stm32cube.ide.mcu.externaltools.gnu-tools-for-stm32.10.3-2021.10.win32_1.0.100.202210260954/tools/bin/../lib/gcc/arm-none-eabi/10.3.1/../../../../arm-none-eabi/lib/thumb/v7e-m+fp/hard\libc_nano.a(lib_a-puts.o)
                0x0000000008000514                _puts_r
 .text.puts     0x00000000080005f0       0x10 c:/st/stm32cubeide_1.11.2/stm32cubeide/plugins/com.st.stm32cube.ide.mcu.externaltools.gnu-tools-for-stm32.10.3-2021.10.win32_1.0.100.202210260954/tools/bin/../lib/gcc/arm-none-eabi/10.3.1/../../../../arm-none-eabi/lib/thumb/v7e-m+fp/hard\libc_nano.a(lib_a-puts.o)
                0x00000000080005f0                puts
 .text.__swbuf_r
                0x0000000008000600       0xa4 c:/st/stm32cubeide_1.11.2/stm32cubeide/plugins/com.st.stm32cube.ide.mcu.externaltools.gnu-tools-for-stm32.10.3-2021.10.win32_1.0.100.202210260954/tools/bin/../lib/gcc/arm-none-eabi/10.3.1/../../../../arm-none-eabi/lib/thumb/v7e-m+fp/hard\libc_nano.a(lib_a-wbuf.o)
                0x0000000008000600                __swbuf_r
 .text.__swsetup_r
                0x00000000080006a4       0xdc c:/st/stm32cubeide_1.11.2/stm32cubeide/plugins/com.st.stm32cube.ide.mcu.externaltools.gnu-tools-for-stm32.10.3-2021.10.win32_1.0.100.202210260954/tools/bin/../lib/gcc/arm-none-eabi/10.3.1/../../../../arm-none-eabi/lib/thumb/v7e-m+fp/hard\libc_nano.a(lib_a-wsetup.o)
                0x00000000080006a4                __swsetup_r
 .text.__sflush_r
                0x0000000008000780      0x10c c:/st/stm32cubeide_1.11.2/stm32cubeide/plugins/com.st.stm32cube.ide.mcu.externaltools.gnu-tools-for-stm32.10.3-2021.10.win32_1.0.100.202210260954/tools/bin/../lib/gcc/arm-none-eabi/10.3.1/../../../../arm-none-eabi/lib/thumb/v7e-m+fp/hard\libc_nano.a(lib_a-fflush.o)
                0x0000000008000780                __sflush_r
 .text._fflush_r
                0x000000000800088c       0x78 c:/st/stm32cubeide_1.11.2/stm32cubeide/plugins/com.st.stm32cube.ide.mcu.externaltools.gnu-tools-for-stm32.10.3-2021.10.win32_1.0.100.202210260954/tools/bin/../lib/gcc/arm-none-eabi/10.3.1/../../../../arm-none-eabi/lib/thumb/v7e-m+fp/hard\libc_nano.a(lib_a-fflush.o)
                0x000000000800088c                _fflush_r
 .text.std      0x0000000008000904       0x48 c:/st/stm32cubeide_1.11.2/stm32cubeide/plugins/com.st.stm32cube.ide.mcu.externaltools.gnu-tools-for-stm32.10.3-2021.10.win32_1.0.100.202210260954/tools/bin/../lib/gcc/arm-none-eabi/10.3.1/../../../../arm-none-eabi/lib/thumb/v7e-m+fp/hard\libc_nano.a(lib_a-findfp.o)
 .text._cleanup_r
                0x000000000800094c        0xc c:/st/stm32cubeide_1.11.2/stm32cubeide/plugins/com.st.stm32cube.ide.mcu.externaltools.gnu-tools-for-stm32.10.3-2021.10.win32_1.0.100.202210260954/tools/bin/../lib/gcc/arm-none-eabi/10.3.1/../../../../arm-none-eabi/lib/thumb/v7e-m+fp/hard\libc_nano.a(lib_a-findfp.o)
                0x000000000800094c                _cleanup_r
 .text.__sfmoreglue
                0x0000000008000958       0x2c c:/st/stm32cubeide_1.11.2/stm32cubeide/plugins/com.st.stm32cube.ide.mcu.externaltools.gnu-tools-for-stm32.10.3-2021.10.win32_1.0.100.202210260954/tools/bin/../lib/gcc/arm-none-eabi/10.3.1/../../../../arm-none-eabi/lib/thumb/v7e-m+fp/hard\libc_nano.a(lib_a-findfp.o)
                0x0000000008000958                __sfmoreglue
 .text.__sfp_lock_acquire
                0x0000000008000984        0xc c:/st/stm32cubeide_1.11.2/stm32cubeide/plugins/com.st.stm32cube.ide.mcu.externaltools.gnu-tools-for-stm32.10.3-2021.10.win32_1.0.100.202210260954/tools/bin/../lib/gcc/arm-none-eabi/10.3.1/../../../../arm-none-eabi/lib/thumb/v7e-m+fp/hard\libc_nano.a(lib_a-findfp.o)
                0x0000000008000984                __sfp_lock_acquire
 .text.__sfp_lock_release
                0x0000000008000990        0xc c:/st/stm32cubeide_1.11.2/stm32cubeide/plugins/com.st.stm32cube.ide.mcu.externaltools.gnu-tools-for-stm32.10.3-2021.10.win32_1.0.100.202210260954/tools/bin/../lib/gcc/arm-none-eabi/10.3.1/../../../../arm-none-eabi/lib/thumb/v7e-m+fp/hard\libc_nano.a(lib_a-findfp.o)
                0x0000000008000990                __sfp_lock_release
 .text.__sinit_lock_acquire
                0x000000000800099c        0xc c:/st/stm32cubeide_1.11.2/stm32cubeide/plugins/com.st.stm32cube.ide.mcu.externaltools.gnu-tools-for-stm32.10.3-2021.10.win32_1.0.100.202210260954/tools/bin/../lib/gcc/arm-none-eabi/10.3.1/../../../../arm-none-eabi/lib/thumb/v7e-m+fp/hard\libc_nano.a(lib_a-findfp.o)
                0x000000000800099c                __sinit_lock_acquire
 .text.__sinit_lock_release
                0x00000000080009a8        0xc c:/st/stm32cubeide_1.11.2/stm32cubeide/plugins/com.st.stm32cube.ide.mcu.externaltools.gnu-tools-for-stm32.10.3-2021.10.win32_1.0.100.202210260954/tools/bin/../lib/gcc/arm-none-eabi/10.3.1/../../../../arm-none-eabi/lib/thumb/v7e-m+fp/hard\libc_nano.a(lib_a-findfp.o)
                0x00000000080009a8                __sinit_lock_release
 .text.__sinit  0x00000000080009b4       0x70 c:/st/stm32cubeide_1.11.2/stm32cubeide/plugins/com.st.stm32cube.ide.mcu.externaltools.gnu-tools-for-stm32.10.3-2021.10.win32_1.0.100.202210260954/tools/bin/../lib/gcc/arm-none-eabi/10.3.1/../../../../arm-none-eabi/lib/thumb/v7e-m+fp/hard\libc_nano.a(lib_a-findfp.o)
                0x00000000080009b4                __sinit
 .text.__sfp    0x0000000008000a24       0x8c c:/st/stm32cubeide_1.11.2/stm32cubeide/plugins/com.st.stm32cube.ide.mcu.externaltools.gnu-tools-for-stm32.10.3-2021.10.win32_1.0.100.202210260954/tools/bin/../lib/gcc/arm-none-eabi/10.3.1/../../../../arm-none-eabi/lib/thumb/v7e-m+fp/hard\libc_nano.a(lib_a-findfp.o)
                0x0000000008000a24                __sfp
 .text._fwalk_reent
                0x0000000008000ab0       0x3e c:/st/stm32cubeide_1.11.2/stm32cubeide/plugins/com.st.stm32cube.ide.mcu.externaltools.gnu-tools-for-stm32.10.3-2021.10.win32_1.0.100.202210260954/tools/bin/../lib/gcc/arm-none-eabi/10.3.1/../../../../arm-none-eabi/lib/thumb/v7e-m+fp/hard\libc_nano.a(lib_a-fwalk.o)
                0x0000000008000ab0                _fwalk_reent
 .text.__retarget_lock_init_recursive
                0x0000000008000aee        0x2 c:/st/stm32cubeide_1.11.2/stm32cubeide/plugins/com.st.stm32cube.ide.mcu.externaltools.gnu-tools-for-stm32.10.3-2021.10.win32_1.0.100.202210260954/tools/bin/../lib/gcc/arm-none-eabi/10.3.1/../../../../arm-none-eabi/lib/thumb/v7e-m+fp/hard\libc_nano.a(lib_a-lock.o)
                0x0000000008000aee                __retarget_lock_init_recursive
 .text.__retarget_lock_acquire_recursive
                0x0000000008000af0        0x2 c:/st/stm32cubeide_1.11.2/stm32cubeide/plugins/com.st.stm32cube.ide.mcu.externaltools.gnu-tools-for-stm32.10.3-2021.10.win32_1.0.100.202210260954/tools/bin/../lib/gcc/arm-none-eabi/10.3.1/../../../../arm-none-eabi/lib/thumb/v7e-m+fp/hard\libc_nano.a(lib_a-lock.o)
                0x0000000008000af0                __retarget_lock_acquire_recursive
 .text.__retarget_lock_release_recursive
                0x0000000008000af2        0x2 c:/st/stm32cubeide_1.11.2/stm32cubeide/plugins/com.st.stm32cube.ide.mcu.externaltools.gnu-tools-for-stm32.10.3-2021.10.win32_1.0.100.202210260954/tools/bin/../lib/gcc/arm-none-eabi/10.3.1/../../../../arm-none-eabi/lib/thumb/v7e-m+fp/hard\libc_nano.a(lib_a-lock.o)
                0x0000000008000af2                __retarget_lock_release_recursive
 .text.__swhatbuf_r
                0x0000000008000af4       0x4a c:/st/stm32cubeide_1.11.2/stm32cubeide/plugins/com.st.stm32cube.ide.mcu.externaltools.gnu-tools-for-stm32.10.3-2021.10.win32_1.0.100.202210260954/tools/bin/../lib/gcc/arm-none-eabi/10.3.1/../../../../arm-none-eabi/lib/thumb/v7e-m+fp/hard\libc_nano.a(lib_a-makebuf.o)
                0x0000000008000af4                __swhatbuf_r
 *fill*         0x0000000008000b3e        0x2 
 .text.__smakebuf_r
                0x0000000008000b40       0x80 c:/st/stm32cubeide_1.11.2/stm32cubeide/plugins/com.st.stm32cube.ide.mcu.externaltools.gnu-tools-for-stm32.10.3-2021.10.win32_1.0.100.202210260954/tools/bin/../lib/gcc/arm-none-eabi/10.3.1/../../../../arm-none-eabi/lib/thumb/v7e-m+fp/hard\libc_nano.a(lib_a-makebuf.o)
                0x0000000008000b40                __smakebuf_r
 .text._free_r  0x0000000008000bc0       0x98 c:/st/stm32cubeide_1.11.2/stm32cubeide/plugins/com.st.stm32cube.ide.mcu.externaltools.gnu-tools-for-stm32.10.3-2021.10.win32_1.0.100.202210260954/tools/bin/../lib/gcc/arm-none-eabi/10.3.1/../../../../arm-none-eabi/lib/thumb/v7e-m+fp/hard\libc_nano.a(lib_a-nano-freer.o)
                0x0000000008000bc0                _free_r
 .text.sbrk_aligned
                0x0000000008000c58       0x40 c:/st/stm32cubeide_1.11.2/stm32cubeide/plugins/com.st.stm32cube.ide.mcu.externaltools.gnu-tools-for-stm32.10.3-2021.10.win32_1.0.100.202210260954/tools/bin/../lib/gcc/arm-none-eabi/10.3.1/../../../../arm-none-eabi/lib/thumb/v7e-m+fp/hard\libc_nano.a(lib_a-nano-mallocr.o)
 .text._malloc_r
                0x0000000008000c98       0xe8 c:/st/stm32cubeide_1.11.2/stm32cubeide/plugins/com.st.stm32cube.ide.mcu.externaltools.gnu-tools-for-stm32.10.3-2021.10.win32_1.0.100.202210260954/tools/bin/../lib/gcc/arm-none-eabi/10.3.1/../../../../arm-none-eabi/lib/thumb/v7e-m+fp/hard\libc_nano.a(lib_a-nano-mallocr.o)
                0x0000000008000c98                _malloc_r
 .text._sbrk_r  0x0000000008000d80       0x20 c:/st/stm32cubeide_1.11.2/stm32cubeide/plugins/com.st.stm32cube.ide.mcu.externaltools.gnu-tools-for-stm32.10.3-2021.10.win32_1.0.100.202210260954/tools/bin/../lib/gcc/arm-none-eabi/10.3.1/../../../../arm-none-eabi/lib/thumb/v7e-m+fp/hard\libc_nano.a(lib_a-sbrkr.o)
                0x0000000008000d80                _sbrk_r
 .text.__sread  0x0000000008000da0       0x22 c:/st/stm32cubeide_1.11.2/stm32cubeide/plugins/com.st.stm32cube.ide.mcu.externaltools.gnu-tools-for-stm32.10.3-2021.10.win32_1.0.100.202210260954/tools/bin/../lib/gcc/arm-none-eabi/10.3.1/../../../../arm-none-eabi/lib/thumb/v7e-m+fp/hard\libc_nano.a(lib_a-stdio.o)
                0x0000000008000da0                __sread
 .text.__swrite
                0x0000000008000dc2       0x38 c:/st/stm32cubeide_1.11.2/stm32cubeide/plugins/com.st.stm32cube.ide.mcu.externaltools.gnu-tools-for-stm32.10.3-2021.10.win32_1.0.100.202210260954/tools/bin/../lib/gcc/arm-none-eabi/10.3.1/../../../../arm-none-eabi/lib/thumb/v7e-m+fp/hard\libc_nano.a(lib_a-stdio.o)
                0x0000000008000dc2                __swrite
 .text.__sseek  0x0000000008000dfa       0x24 c:/st/stm32cubeide_1.11.2/stm32cubeide/plugins/com.st.stm32cube.ide.mcu.externaltools.gnu-tools-for-stm32.10.3-2021.10.win32_1.0.100.202210260954/tools/bin/../lib/gcc/arm-none-eabi/10.3.1/../../../../arm-none-eabi/lib/thumb/v7e-m+fp/hard\libc_nano.a(lib_a-stdio.o)
                0x0000000008000dfa                __sseek
 .text.__sclose
                0x0000000008000e1e        0x8 c:/st/stm32cubeide_1.11.2/stm32cubeide/plugins/com.st.stm32cube.ide.mcu.externaltools.gnu-tools-for-stm32.10.3-2021.10.win32_1.0.100.202210260954/tools/bin/../lib/gcc/arm-none-eabi/10.3.1/../../../../arm-none-eabi/lib/thumb/v7e-m+fp/hard\libc_nano.a(lib_a-stdio.o)
                0x0000000008000e1e                __sclose
 *fill*         0x0000000008000e26        0x2 
 .text._write_r
                0x0000000008000e28       0x24 c:/st/stm32cubeide_1.11.2/stm32cubeide/plugins/com.st.stm32cube.ide.mcu.externaltools.gnu-tools-for-stm32.10.3-2021.10.win32_1.0.100.202210260954/tools/bin/../lib/gcc/arm-none-eabi/10.3.1/../../../../arm-none-eabi/lib/thumb/v7e-m+fp/hard\libc_nano.a(lib_a-writer.o)
                0x0000000008000e28                _write_r
 .text._close_r
                0x0000000008000e4c       0x20 c:/st/stm32cubeide_1.11.2/stm32cubeide/plugins/com.st.stm32cube.ide.mcu.externaltools.gnu-tools-for-stm32.10.3-2021.10.win32_1.0.100.202210260954/tools/bin/../lib/gcc/arm-none-eabi/10.3.1/../../../../arm-none-eabi/lib/thumb/v7e-m+fp/hard\libc_nano.a(lib_a-closer.o)
                0x0000000008000e4c                _close_r
 .text._fstat_r
                0x0000000008000e6c       0x24 c:/st/stm32cubeide_1.11.2/stm32cubeide/plugins/com.st.stm32cube.ide.mcu.externaltools.gnu-tools-for-stm32.10.3-2021.10.win32_1.0.100.202210260954/tools/bin/../lib/gcc/arm-none-eabi/10.3.1/../../../../arm-none-eabi/lib/thumb/v7e-m+fp/hard\libc_nano.a(lib_a-fstatr.o)
                0x0000000008000e6c                _fstat_r
 .text._isatty_r
                0x0000000008000e90       0x20 c:/st/stm32cubeide_1.11.2/stm32cubeide/plugins/com.st.stm32cube.ide.mcu.externaltools.gnu-tools-for-stm32.10.3-2021.10.win32_1.0.100.202210260954/tools/bin/../lib/gcc/arm-none-eabi/10.3.1/../../../../arm-none-eabi/lib/thumb/v7e-m+fp/hard\libc_nano.a(lib_a-isattyr.o)
                0x0000000008000e90                _isatty_r
 .text._lseek_r
                0x0000000008000eb0       0x24 c:/st/stm32cubeide_1.11.2/stm32cubeide/plugins/com.st.stm32cube.ide.mcu.externaltools.gnu-tools-for-stm32.10.3-2021.10.win32_1.0.100.202210260954/tools/bin/../lib/gcc/arm-none-eabi/10.3.1/../../../../arm-none-eabi/lib/thumb/v7e-m+fp/hard\libc_nano.a(lib_a-lseekr.o)
                0x0000000008000eb0                _lseek_r
 .text.__malloc_lock
                0x0000000008000ed4        0xc c:/st/stm32cubeide_1.11.2/stm32cubeide/plugins/com.st.stm32cube.ide.mcu.externaltools.gnu-tools-for-stm32.10.3-2021.10.win32_1.0.100.202210260954/tools/bin/../lib/gcc/arm-none-eabi/10.3.1/../../../../arm-none-eabi/lib/thumb/v7e-m+fp/hard\libc_nano.a(lib_a-mlock.o)
                0x0000000008000ed4                __malloc_lock
 .text.__malloc_unlock
                0x0000000008000ee0        0xc c:/st/stm32cubeide_1.11.2/stm32cubeide/plugins/com.st.stm32cube.ide.mcu.externaltools.gnu-tools-for-stm32.10.3-2021.10.win32_1.0.100.202210260954/tools/bin/../lib/gcc/arm-none-eabi/10.3.1/../../../../arm-none-eabi/lib/thumb/v7e-m+fp/hard\libc_nano.a(lib_a-mlock.o)
                0x0000000008000ee0                __malloc_unlock
 .text._read_r  0x0000000008000eec       0x24 c:/st/stm32cubeide_1.11.2/stm32cubeide/plugins/com.st.stm32cube.ide.mcu.externaltools.gnu-tools-for-stm32.10.3-2021.10.win32_1.0.100.202210260954/tools/bin/../lib/gcc/arm-none-eabi/10.3.1/../../../../arm-none-eabi/lib/thumb/v7e-m+fp/hard\libc_nano.a(lib_a-readr.o)
                0x0000000008000eec                _read_r
 *(.glue_7)
 .glue_7        0x0000000008000f10        0x0 linker stubs
 *(.glue_7t)
 .glue_7t       0x0000000008000f10        0x0 linker stubs
 *(.eh_frame)
 .eh_frame      0x0000000008000f10        0x0 c:/st/stm32cubeide_1.11.2/stm32cubeide/plugins/com.st.stm32cube.ide.mcu.externaltools.gnu-tools-for-stm32.10.3-2021.10.win32_1.0.100.202210260954/tools/bin/../lib/gcc/arm-none-eabi/10.3.1/thumb/v7e-m+fp/hard/crtbegin.o
 *(.init)
 .init          0x0000000008000f10        0x4 c:/st/stm32cubeide_1.11.2/stm32cubeide/plugins/com.st.stm32cube.ide.mcu.externaltools.gnu-tools-for-stm32.10.3-2021.10.win32_1.0.100.202210260954/tools/bin/../lib/gcc/arm-none-eabi/10.3.1/thumb/v7e-m+fp/hard/crti.o
                0x0000000008000f10                _init
 .init          0x0000000008000f14        0x8 c:/st/stm32cubeide_1.11.2/stm32cubeide/plugins/com.st.stm32cube.ide.mcu.externaltools.gnu-tools-for-stm32.10.3-2021.10.win32_1.0.100.202210260954/tools/bin/../lib/gcc/arm-none-eabi/10.3.1/thumb/v7e-m+fp/hard/crtn.o
 *(.fini)
 .fini          0x0000000008000f1c        0x4 c:/st/stm32cubeide_1.11.2/stm32cubeide/plugins/com.st.stm32cube.ide.mcu.externaltools.gnu-tools-for-stm32.10.3-2021.10.win32_1.0.100.202210260954/tools/bin/../lib/gcc/arm-none-eabi/10.3.1/thumb/v7e-m+fp/hard/crti.o
                0x0000000008000f1c                _fini
 .fini          0x0000000008000f20        0x8 c:/st/stm32cubeide_1.11.2/stm32cubeide/plugins/com.st.stm32cube.ide.mcu.externaltools.gnu-tools-for-stm32.10.3-2021.10.win32_1.0.100.202210260954/tools/bin/../lib/gcc/arm-none-eabi/10.3.1/thumb/v7e-m+fp/hard/crtn.o
                0x0000000008000f28                . = ALIGN (0x4)
                0x0000000008000f28                _etext = .

.vfp11_veneer   0x0000000008000f28        0x0
 .vfp11_veneer  0x0000000008000f28        0x0 linker stubs

.v4_bx          0x0000000008000f28        0x0
 .v4_bx         0x0000000008000f28        0x0 linker stubs

.iplt           0x0000000008000f28        0x0
 .iplt          0x0000000008000f28        0x0 c:/st/stm32cubeide_1.11.2/stm32cubeide/plugins/com.st.stm32cube.ide.mcu.externaltools.gnu-tools-for-stm32.10.3-2021.10.win32_1.0.100.202210260954/tools/bin/../lib/gcc/arm-none-eabi/10.3.1/thumb/v7e-m+fp/hard/crtbegin.o

.rodata         0x0000000008000f28       0x70
                0x0000000008000f28                . = ALIGN (0x4)
 *(.rodata)
 .rodata        0x0000000008000f28        0xc ./Src/main.o
 *(.rodata*)
 .rodata._global_impure_ptr
                0x0000000008000f34        0x4 c:/st/stm32cubeide_1.11.2/stm32cubeide/plugins/com.st.stm32cube.ide.mcu.externaltools.gnu-tools-for-stm32.10.3-2021.10.win32_1.0.100.202210260954/tools/bin/../lib/gcc/arm-none-eabi/10.3.1/../../../../arm-none-eabi/lib/thumb/v7e-m+fp/hard\libc_nano.a(lib_a-impure.o)
                0x0000000008000f34                _global_impure_ptr
 .rodata.__sf_fake_stderr
                0x0000000008000f38       0x20 c:/st/stm32cubeide_1.11.2/stm32cubeide/plugins/com.st.stm32cube.ide.mcu.externaltools.gnu-tools-for-stm32.10.3-2021.10.win32_1.0.100.202210260954/tools/bin/../lib/gcc/arm-none-eabi/10.3.1/../../../../arm-none-eabi/lib/thumb/v7e-m+fp/hard\libc_nano.a(lib_a-findfp.o)
                0x0000000008000f38                __sf_fake_stderr
 .rodata.__sf_fake_stdin
                0x0000000008000f58       0x20 c:/st/stm32cubeide_1.11.2/stm32cubeide/plugins/com.st.stm32cube.ide.mcu.externaltools.gnu-tools-for-stm32.10.3-2021.10.win32_1.0.100.202210260954/tools/bin/../lib/gcc/arm-none-eabi/10.3.1/../../../../arm-none-eabi/lib/thumb/v7e-m+fp/hard\libc_nano.a(lib_a-findfp.o)
                0x0000000008000f58                __sf_fake_stdin
 .rodata.__sf_fake_stdout
                0x0000000008000f78       0x20 c:/st/stm32cubeide_1.11.2/stm32cubeide/plugins/com.st.stm32cube.ide.mcu.externaltools.gnu-tools-for-stm32.10.3-2021.10.win32_1.0.100.202210260954/tools/bin/../lib/gcc/arm-none-eabi/10.3.1/../../../../arm-none-eabi/lib/thumb/v7e-m+fp/hard\libc_nano.a(lib_a-findfp.o)
                0x0000000008000f78                __sf_fake_stdout
                0x0000000008000f98                . = ALIGN (0x4)

.rel.dyn        0x0000000008000f98        0x0
 .rel.iplt      0x0000000008000f98        0x0 c:/st/stm32cubeide_1.11.2/stm32cubeide/plugins/com.st.stm32cube.ide.mcu.externaltools.gnu-tools-for-stm32.10.3-2021.10.win32_1.0.100.202210260954/tools/bin/../lib/gcc/arm-none-eabi/10.3.1/thumb/v7e-m+fp/hard/crtbegin.o

.ARM.extab      0x0000000008000f98        0x0
                0x0000000008000f98                . = ALIGN (0x4)
 *(.ARM.extab* .gnu.linkonce.armextab.*)
                0x0000000008000f98                . = ALIGN (0x4)

.ARM            0x0000000008000f98        0x0
                0x0000000008000f98                . = ALIGN (0x4)
                0x0000000008000f98                __exidx_start = .
 *(.ARM.exidx*)
                0x0000000008000f98                __exidx_end = .
                0x0000000008000f98                . = ALIGN (0x4)

.preinit_array  0x0000000008000f98        0x0
                0x0000000008000f98                . = ALIGN (0x4)
                0x0000000008000f98                PROVIDE (__preinit_array_start = .)
 *(.preinit_array*)
                0x0000000008000f98                PROVIDE (__preinit_array_end = .)
                0x0000000008000f98                . = ALIGN (0x4)

.init_array     0x0000000008000f98        0x4
                0x0000000008000f98                . = ALIGN (0x4)
                0x0000000008000f98                PROVIDE (__init_array_start = .)
 *(SORT_BY_NAME(.init_array.*))
 *(.init_array*)
 .init_array    0x0000000008000f98        0x4 c:/st/stm32cubeide_1.11.2/stm32cubeide/plugins/com.st.stm32cube.ide.mcu.externaltools.gnu-tools-for-stm32.10.3-2021.10.win32_1.0.100.202210260954/tools/bin/../lib/gcc/arm-none-eabi/10.3.1/thumb/v7e-m+fp/hard/crtbegin.o
                0x0000000008000f9c                PROVIDE (__init_array_end = .)
                0x0000000008000f9c                . = ALIGN (0x4)

.fini_array     0x0000000008000f9c        0x4
                0x0000000008000f9c                . = ALIGN (0x4)
                [!provide]                        PROVIDE (__fini_array_start = .)
 *(SORT_BY_NAME(.fini_array.*))
 *(.fini_array*)
 .fini_array    0x0000000008000f9c        0x4 c:/st/stm32cubeide_1.11.2/stm32cubeide/plugins/com.st.stm32cube.ide.mcu.externaltools.gnu-tools-for-stm32.10.3-2021.10.win32_1.0.100.202210260954/tools/bin/../lib/gcc/arm-none-eabi/10.3.1/thumb/v7e-m+fp/hard/crtbegin.o
                [!provide]                        PROVIDE (__fini_array_end = .)
                0x0000000008000fa0                . = ALIGN (0x4)
                0x0000000008000fa0                _sidata = LOADADDR (.data)

.data           0x0000000020000000       0x64 load address 0x0000000008000fa0
                0x0000000020000000                . = ALIGN (0x4)
                0x0000000020000000                _sdata = .
 *(.data)
 *(.data*)
 .data._impure_ptr
                0x0000000020000000        0x4 c:/st/stm32cubeide_1.11.2/stm32cubeide/plugins/com.st.stm32cube.ide.mcu.externaltools.gnu-tools-for-stm32.10.3-2021.10.win32_1.0.100.202210260954/tools/bin/../lib/gcc/arm-none-eabi/10.3.1/../../../../arm-none-eabi/lib/thumb/v7e-m+fp/hard\libc_nano.a(lib_a-impure.o)
                0x0000000020000000                _impure_ptr
 .data.impure_data
                0x0000000020000004       0x60 c:/st/stm32cubeide_1.11.2/stm32cubeide/plugins/com.st.stm32cube.ide.mcu.externaltools.gnu-tools-for-stm32.10.3-2021.10.win32_1.0.100.202210260954/tools/bin/../lib/gcc/arm-none-eabi/10.3.1/../../../../arm-none-eabi/lib/thumb/v7e-m+fp/hard\libc_nano.a(lib_a-impure.o)
 *(.RamFunc)
 *(.RamFunc*)
                0x0000000020000064                . = ALIGN (0x4)
                0x0000000020000064                _edata = .

.igot.plt       0x0000000020000064        0x0 load address 0x0000000008001004
 .igot.plt      0x0000000020000064        0x0 c:/st/stm32cubeide_1.11.2/stm32cubeide/plugins/com.st.stm32cube.ide.mcu.externaltools.gnu-tools-for-stm32.10.3-2021.10.win32_1.0.100.202210260954/tools/bin/../lib/gcc/arm-none-eabi/10.3.1/thumb/v7e-m+fp/hard/crtbegin.o
                0x0000000020000064                . = ALIGN (0x4)

.bss            0x0000000020000064       0x30 load address 0x0000000008001004
                0x0000000020000064                _sbss = .
                0x0000000020000064                __bss_start__ = _sbss
 *(.bss)
 .bss           0x0000000020000064       0x1c c:/st/stm32cubeide_1.11.2/stm32cubeide/plugins/com.st.stm32cube.ide.mcu.externaltools.gnu-tools-for-stm32.10.3-2021.10.win32_1.0.100.202210260954/tools/bin/../lib/gcc/arm-none-eabi/10.3.1/thumb/v7e-m+fp/hard/crtbegin.o
 *(.bss*)
 .bss.__sbrk_heap_end
                0x0000000020000080        0x4 ./Src/sysmem.o
 .bss.__lock___malloc_recursive_mutex
                0x0000000020000084        0x1 c:/st/stm32cubeide_1.11.2/stm32cubeide/plugins/com.st.stm32cube.ide.mcu.externaltools.gnu-tools-for-stm32.10.3-2021.10.win32_1.0.100.202210260954/tools/bin/../lib/gcc/arm-none-eabi/10.3.1/../../../../arm-none-eabi/lib/thumb/v7e-m+fp/hard\libc_nano.a(lib_a-lock.o)
                0x0000000020000084                __lock___malloc_recursive_mutex
 .bss.__lock___sfp_recursive_mutex
                0x0000000020000085        0x1 c:/st/stm32cubeide_1.11.2/stm32cubeide/plugins/com.st.stm32cube.ide.mcu.externaltools.gnu-tools-for-stm32.10.3-2021.10.win32_1.0.100.202210260954/tools/bin/../lib/gcc/arm-none-eabi/10.3.1/../../../../arm-none-eabi/lib/thumb/v7e-m+fp/hard\libc_nano.a(lib_a-lock.o)
                0x0000000020000085                __lock___sfp_recursive_mutex
 .bss.__lock___sinit_recursive_mutex
                0x0000000020000086        0x1 c:/st/stm32cubeide_1.11.2/stm32cubeide/plugins/com.st.stm32cube.ide.mcu.externaltools.gnu-tools-for-stm32.10.3-2021.10.win32_1.0.100.202210260954/tools/bin/../lib/gcc/arm-none-eabi/10.3.1/../../../../arm-none-eabi/lib/thumb/v7e-m+fp/hard\libc_nano.a(lib_a-lock.o)
                0x0000000020000086                __lock___sinit_recursive_mutex
 *fill*         0x0000000020000087        0x1 
 .bss.__malloc_free_list
                0x0000000020000088        0x4 c:/st/stm32cubeide_1.11.2/stm32cubeide/plugins/com.st.stm32cube.ide.mcu.externaltools.gnu-tools-for-stm32.10.3-2021.10.win32_1.0.100.202210260954/tools/bin/../lib/gcc/arm-none-eabi/10.3.1/../../../../arm-none-eabi/lib/thumb/v7e-m+fp/hard\libc_nano.a(lib_a-nano-mallocr.o)
                0x0000000020000088                __malloc_free_list
 .bss.__malloc_sbrk_start
                0x000000002000008c        0x4 c:/st/stm32cubeide_1.11.2/stm32cubeide/plugins/com.st.stm32cube.ide.mcu.externaltools.gnu-tools-for-stm32.10.3-2021.10.win32_1.0.100.202210260954/tools/bin/../lib/gcc/arm-none-eabi/10.3.1/../../../../arm-none-eabi/lib/thumb/v7e-m+fp/hard\libc_nano.a(lib_a-nano-mallocr.o)
                0x000000002000008c                __malloc_sbrk_start
 .bss.errno     0x0000000020000090        0x4 c:/st/stm32cubeide_1.11.2/stm32cubeide/plugins/com.st.stm32cube.ide.mcu.externaltools.gnu-tools-for-stm32.10.3-2021.10.win32_1.0.100.202210260954/tools/bin/../lib/gcc/arm-none-eabi/10.3.1/../../../../arm-none-eabi/lib/thumb/v7e-m+fp/hard\libc_nano.a(lib_a-reent.o)
                0x0000000020000090                errno
 *(COMMON)
                0x0000000020000094                . = ALIGN (0x4)
                0x0000000020000094                _ebss = .
                0x0000000020000094                __bss_end__ = _ebss

._user_heap_stack
                0x0000000020000094      0x604 load address 0x0000000008001004
                0x0000000020000098                . = ALIGN (0x8)
 *fill*         0x0000000020000094        0x4 
                [!provide]                        PROVIDE (end = .)
                0x0000000020000098                PROVIDE (_end = .)
                0x0000000020000298                . = (. + _Min_Heap_Size)
 *fill*         0x0000000020000098      0x200 
                0x0000000020000698                . = (. + _Min_Stack_Size)
 *fill*         0x0000000020000298      0x400 
                0x0000000020000698                . = ALIGN (0x8)

/DISCARD/
 libc.a(*)
 libm.a(*)
 libgcc.a(*)

.ARM.attributes
                0x0000000000000000       0x30
 *(.ARM.attributes)
 .ARM.attributes
                0x0000000000000000       0x1e c:/st/stm32cubeide_1.11.2/stm32cubeide/plugins/com.st.stm32cube.ide.mcu.externaltools.gnu-tools-for-stm32.10.3-2021.10.win32_1.0.100.202210260954/tools/bin/../lib/gcc/arm-none-eabi/10.3.1/thumb/v7e-m+fp/hard/crti.o
 .ARM.attributes
                0x000000000000001e       0x34 c:/st/stm32cubeide_1.11.2/stm32cubeide/plugins/com.st.stm32cube.ide.mcu.externaltools.gnu-tools-for-stm32.10.3-2021.10.win32_1.0.100.202210260954/tools/bin/../lib/gcc/arm-none-eabi/10.3.1/thumb/v7e-m+fp/hard/crtbegin.o
 .ARM.attributes
                0x0000000000000052       0x34 ./Src/exti.o
 .ARM.attributes
                0x0000000000000086       0x34 ./Src/main.o
 .ARM.attributes
                0x00000000000000ba       0x34 ./Src/syscalls.o
 .ARM.attributes
                0x00000000000000ee       0x34 ./Src/sysmem.o
 .ARM.attributes
                0x0000000000000122       0x21 ./Startup/startup_stm32f411retx.o
 .ARM.attributes
                0x0000000000000143       0x34 c:/st/stm32cubeide_1.11.2/stm32cubeide/plugins/com.st.stm32cube.ide.mcu.externaltools.gnu-tools-for-stm32.10.3-2021.10.win32_1.0.100.202210260954/tools/bin/../lib/gcc/arm-none-eabi/10.3.1/../../../../arm-none-eabi/lib/thumb/v7e-m+fp/hard\libc_nano.a(lib_a-errno.o)
 .ARM.attributes
                0x0000000000000177       0x34 c:/st/stm32cubeide_1.11.2/stm32cubeide/plugins/com.st.stm32cube.ide.mcu.externaltools.gnu-tools-for-stm32.10.3-2021.10.win32_1.0.100.202210260954/tools/bin/../lib/gcc/arm-none-eabi/10.3.1/../../../../arm-none-eabi/lib/thumb/v7e-m+fp/hard\libc_nano.a(lib_a-impure.o)
 .ARM.attributes
                0x00000000000001ab       0x34 c:/st/stm32cubeide_1.11.2/stm32cubeide/plugins/com.st.stm32cube.ide.mcu.externaltools.gnu-tools-for-stm32.10.3-2021.10.win32_1.0.100.202210260954/tools/bin/../lib/gcc/arm-none-eabi/10.3.1/../../../../arm-none-eabi/lib/thumb/v7e-m+fp/hard\libc_nano.a(lib_a-init.o)
 .ARM.attributes
                0x00000000000001df       0x34 c:/st/stm32cubeide_1.11.2/stm32cubeide/plugins/com.st.stm32cube.ide.mcu.externaltools.gnu-tools-for-stm32.10.3-2021.10.win32_1.0.100.202210260954/tools/bin/../lib/gcc/arm-none-eabi/10.3.1/../../../../arm-none-eabi/lib/thumb/v7e-m+fp/hard\libc_nano.a(lib_a-memset.o)
 .ARM.attributes
                0x0000000000000213       0x34 c:/st/stm32cubeide_1.11.2/stm32cubeide/plugins/com.st.stm32cube.ide.mcu.externaltools.gnu-tools-for-stm32.10.3-2021.10.win32_1.0.100.202210260954/tools/bin/../lib/gcc/arm-none-eabi/10.3.1/../../../../arm-none-eabi/lib/thumb/v7e-m+fp/hard\libc_nano.a(lib_a-puts.o)
 .ARM.attributes
                0x0000000000000247       0x34 c:/st/stm32cubeide_1.11.2/stm32cubeide/plugins/com.st.stm32cube.ide.mcu.externaltools.gnu-tools-for-stm32.10.3-2021.10.win32_1.0.100.202210260954/tools/bin/../lib/gcc/arm-none-eabi/10.3.1/../../../../arm-none-eabi/lib/thumb/v7e-m+fp/hard\libc_nano.a(lib_a-wbuf.o)
 .ARM.attributes
                0x000000000000027b       0x34 c:/st/stm32cubeide_1.11.2/stm32cubeide/plugins/com.st.stm32cube.ide.mcu.externaltools.gnu-tools-for-stm32.10.3-2021.10.win32_1.0.100.202210260954/tools/bin/../lib/gcc/arm-none-eabi/10.3.1/../../../../arm-none-eabi/lib/thumb/v7e-m+fp/hard\libc_nano.a(lib_a-wsetup.o)
 .ARM.attributes
                0x00000000000002af       0x34 c:/st/stm32cubeide_1.11.2/stm32cubeide/plugins/com.st.stm32cube.ide.mcu.externaltools.gnu-tools-for-stm32.10.3-2021.10.win32_1.0.100.202210260954/tools/bin/../lib/gcc/arm-none-eabi/10.3.1/../../../../arm-none-eabi/lib/thumb/v7e-m+fp/hard\libc_nano.a(lib_a-fflush.o)
 .ARM.attributes
                0x00000000000002e3       0x34 c:/st/stm32cubeide_1.11.2/stm32cubeide/plugins/com.st.stm32cube.ide.mcu.externaltools.gnu-tools-for-stm32.10.3-2021.10.win32_1.0.100.202210260954/tools/bin/../lib/gcc/arm-none-eabi/10.3.1/../../../../arm-none-eabi/lib/thumb/v7e-m+fp/hard\libc_nano.a(lib_a-findfp.o)
 .ARM.attributes
                0x0000000000000317       0x34 c:/st/stm32cubeide_1.11.2/stm32cubeide/plugins/com.st.stm32cube.ide.mcu.externaltools.gnu-tools-for-stm32.10.3-2021.10.win32_1.0.100.202210260954/tools/bin/../lib/gcc/arm-none-eabi/10.3.1/../../../../arm-none-eabi/lib/thumb/v7e-m+fp/hard\libc_nano.a(lib_a-fwalk.o)
 .ARM.attributes
                0x000000000000034b       0x34 c:/st/stm32cubeide_1.11.2/stm32cubeide/plugins/com.st.stm32cube.ide.mcu.externaltools.gnu-tools-for-stm32.10.3-2021.10.win32_1.0.100.202210260954/tools/bin/../lib/gcc/arm-none-eabi/10.3.1/../../../../arm-none-eabi/lib/thumb/v7e-m+fp/hard\libc_nano.a(lib_a-lock.o)
 .ARM.attributes
                0x000000000000037f       0x34 c:/st/stm32cubeide_1.11.2/stm32cubeide/plugins/com.st.stm32cube.ide.mcu.externaltools.gnu-tools-for-stm32.10.3-2021.10.win32_1.0.100.202210260954/tools/bin/../lib/gcc/arm-none-eabi/10.3.1/../../../../arm-none-eabi/lib/thumb/v7e-m+fp/hard\libc_nano.a(lib_a-makebuf.o)
 .ARM.attributes
                0x00000000000003b3       0x34 c:/st/stm32cubeide_1.11.2/stm32cubeide/plugins/com.st.stm32cube.ide.mcu.externaltools.gnu-tools-for-stm32.10.3-2021.10.win32_1.0.100.202210260954/tools/bin/../lib/gcc/arm-none-eabi/10.3.1/../../../../arm-none-eabi/lib/thumb/v7e-m+fp/hard\libc_nano.a(lib_a-nano-freer.o)
 .ARM.attributes
                0x00000000000003e7       0x34 c:/st/stm32cubeide_1.11.2/stm32cubeide/plugins/com.st.stm32cube.ide.mcu.externaltools.gnu-tools-for-stm32.10.3-2021.10.win32_1.0.100.202210260954/tools/bin/../lib/gcc/arm-none-eabi/10.3.1/../../../../arm-none-eabi/lib/thumb/v7e-m+fp/hard\libc_nano.a(lib_a-nano-mallocr.o)
 .ARM.attributes
                0x000000000000041b       0x34 c:/st/stm32cubeide_1.11.2/stm32cubeide/plugins/com.st.stm32cube.ide.mcu.externaltools.gnu-tools-for-stm32.10.3-2021.10.win32_1.0.100.202210260954/tools/bin/../lib/gcc/arm-none-eabi/10.3.1/../../../../arm-none-eabi/lib/thumb/v7e-m+fp/hard\libc_nano.a(lib_a-sbrkr.o)
 .ARM.attributes
                0x000000000000044f       0x34 c:/st/stm32cubeide_1.11.2/stm32cubeide/plugins/com.st.stm32cube.ide.mcu.externaltools.gnu-tools-for-stm32.10.3-2021.10.win32_1.0.100.202210260954/tools/bin/../lib/gcc/arm-none-eabi/10.3.1/../../../../arm-none-eabi/lib/thumb/v7e-m+fp/hard\libc_nano.a(lib_a-stdio.o)
 .ARM.attributes
                0x0000000000000483       0x34 c:/st/stm32cubeide_1.11.2/stm32cubeide/plugins/com.st.stm32cube.ide.mcu.externaltools.gnu-tools-for-stm32.10.3-2021.10.win32_1.0.100.202210260954/tools/bin/../lib/gcc/arm-none-eabi/10.3.1/../../../../arm-none-eabi/lib/thumb/v7e-m+fp/hard\libc_nano.a(lib_a-writer.o)
 .ARM.attributes
                0x00000000000004b7       0x34 c:/st/stm32cubeide_1.11.2/stm32cubeide/plugins/com.st.stm32cube.ide.mcu.externaltools.gnu-tools-for-stm32.10.3-2021.10.win32_1.0.100.202210260954/tools/bin/../lib/gcc/arm-none-eabi/10.3.1/../../../../arm-none-eabi/lib/thumb/v7e-m+fp/hard\libc_nano.a(lib_a-closer.o)
 .ARM.attributes
                0x00000000000004eb       0x34 c:/st/stm32cubeide_1.11.2/stm32cubeide/plugins/com.st.stm32cube.ide.mcu.externaltools.gnu-tools-for-stm32.10.3-2021.10.win32_1.0.100.202210260954/tools/bin/../lib/gcc/arm-none-eabi/10.3.1/../../../../arm-none-eabi/lib/thumb/v7e-m+fp/hard\libc_nano.a(lib_a-fstatr.o)
 .ARM.attributes
                0x000000000000051f       0x34 c:/st/stm32cubeide_1.11.2/stm32cubeide/plugins/com.st.stm32cube.ide.mcu.externaltools.gnu-tools-for-stm32.10.3-2021.10.win32_1.0.100.202210260954/tools/bin/../lib/gcc/arm-none-eabi/10.3.1/../../../../arm-none-eabi/lib/thumb/v7e-m+fp/hard\libc_nano.a(lib_a-isattyr.o)
 .ARM.attributes
                0x0000000000000553       0x34 c:/st/stm32cubeide_1.11.2/stm32cubeide/plugins/com.st.stm32cube.ide.mcu.externaltools.gnu-tools-for-stm32.10.3-2021.10.win32_1.0.100.202210260954/tools/bin/../lib/gcc/arm-none-eabi/10.3.1/../../../../arm-none-eabi/lib/thumb/v7e-m+fp/hard\libc_nano.a(lib_a-lseekr.o)
 .ARM.attributes
                0x0000000000000587       0x34 c:/st/stm32cubeide_1.11.2/stm32cubeide/plugins/com.st.stm32cube.ide.mcu.externaltools.gnu-tools-for-stm32.10.3-2021.10.win32_1.0.100.202210260954/tools/bin/../lib/gcc/arm-none-eabi/10.3.1/../../../../arm-none-eabi/lib/thumb/v7e-m+fp/hard\libc_nano.a(lib_a-mlock.o)
 .ARM.attributes
                0x00000000000005bb       0x34 c:/st/stm32cubeide_1.11.2/stm32cubeide/plugins/com.st.stm32cube.ide.mcu.externaltools.gnu-tools-for-stm32.10.3-2021.10.win32_1.0.100.202210260954/tools/bin/../lib/gcc/arm-none-eabi/10.3.1/../../../../arm-none-eabi/lib/thumb/v7e-m+fp/hard\libc_nano.a(lib_a-readr.o)
 .ARM.attributes
                0x00000000000005ef       0x34 c:/st/stm32cubeide_1.11.2/stm32cubeide/plugins/com.st.stm32cube.ide.mcu.externaltools.gnu-tools-for-stm32.10.3-2021.10.win32_1.0.100.202210260954/tools/bin/../lib/gcc/arm-none-eabi/10.3.1/../../../../arm-none-eabi/lib/thumb/v7e-m+fp/hard\libc_nano.a(lib_a-reent.o)
 .ARM.attributes
                0x0000000000000623       0x1e c:/st/stm32cubeide_1.11.2/stm32cubeide/plugins/com.st.stm32cube.ide.mcu.externaltools.gnu-tools-for-stm32.10.3-2021.10.win32_1.0.100.202210260954/tools/bin/../lib/gcc/arm-none-eabi/10.3.1/thumb/v7e-m+fp/hard/crtn.o
OUTPUT(14_GPIO_interrupt.elf elf32-littlearm)
LOAD linker stubs
LOAD c:/st/stm32cubeide_1.11.2/stm32cubeide/plugins/com.st.stm32cube.ide.mcu.externaltools.gnu-tools-for-stm32.10.3-2021.10.win32_1.0.100.202210260954/tools/bin/../lib/gcc/arm-none-eabi/10.3.1/../../../../arm-none-eabi/lib/thumb/v7e-m+fp/hard\libc.a
LOAD c:/st/stm32cubeide_1.11.2/stm32cubeide/plugins/com.st.stm32cube.ide.mcu.externaltools.gnu-tools-for-stm32.10.3-2021.10.win32_1.0.100.202210260954/tools/bin/../lib/gcc/arm-none-eabi/10.3.1/../../../../arm-none-eabi/lib/thumb/v7e-m+fp/hard\libm.a
LOAD c:/st/stm32cubeide_1.11.2/stm32cubeide/plugins/com.st.stm32cube.ide.mcu.externaltools.gnu-tools-for-stm32.10.3-2021.10.win32_1.0.100.202210260954/tools/bin/../lib/gcc/arm-none-eabi/10.3.1/thumb/v7e-m+fp/hard\libgcc.a

.debug_info     0x0000000000000000     0x13cd
 .debug_info    0x0000000000000000      0x778 ./Src/exti.o
 .debug_info    0x0000000000000778      0x3e2 ./Src/main.o
 .debug_info    0x0000000000000b5a      0x6e0 ./Src/syscalls.o
 .debug_info    0x000000000000123a      0x171 ./Src/sysmem.o
 .debug_info    0x00000000000013ab       0x22 ./Startup/startup_stm32f411retx.o

.debug_abbrev   0x0000000000000000      0x535
 .debug_abbrev  0x0000000000000000      0x18e ./Src/exti.o
 .debug_abbrev  0x000000000000018e      0x127 ./Src/main.o
 .debug_abbrev  0x00000000000002b5      0x1b3 ./Src/syscalls.o
 .debug_abbrev  0x0000000000000468       0xbb ./Src/sysmem.o
 .debug_abbrev  0x0000000000000523       0x12 ./Startup/startup_stm32f411retx.o

.debug_aranges  0x0000000000000000      0x148
 .debug_aranges
                0x0000000000000000       0x28 ./Src/exti.o
 .debug_aranges
                0x0000000000000028       0x30 ./Src/main.o
 .debug_aranges
                0x0000000000000058       0xa8 ./Src/syscalls.o
 .debug_aranges
                0x0000000000000100       0x20 ./Src/sysmem.o
 .debug_aranges
                0x0000000000000120       0x28 ./Startup/startup_stm32f411retx.o

.debug_ranges   0x0000000000000000      0x100
 .debug_ranges  0x0000000000000000       0x18 ./Src/exti.o
 .debug_ranges  0x0000000000000018       0x20 ./Src/main.o
 .debug_ranges  0x0000000000000038       0x98 ./Src/syscalls.o
 .debug_ranges  0x00000000000000d0       0x10 ./Src/sysmem.o
 .debug_ranges  0x00000000000000e0       0x20 ./Startup/startup_stm32f411retx.o

.debug_macro    0x0000000000000000     0x1e64
 .debug_macro   0x0000000000000000       0xea ./Src/exti.o
 .debug_macro   0x00000000000000ea      0x264 ./Src/main.o
 .debug_macro   0x000000000000034e       0x4c ./Src/main.o
 .debug_macro   0x000000000000039a       0x1e ./Src/main.o
 .debug_macro   0x00000000000003b8       0x94 ./Src/main.o
 .debug_macro   0x000000000000044c       0x3c ./Src/main.o
 .debug_macro   0x0000000000000488       0x34 ./Src/main.o
 .debug_macro   0x00000000000004bc       0x16 ./Src/main.o
 .debug_macro   0x00000000000004d2       0x57 ./Src/main.o
 .debug_macro   0x0000000000000529       0x97 ./Src/main.o
 .debug_macro   0x00000000000005c0      0x341 ./Src/main.o
 .debug_macro   0x0000000000000901       0xfd ./Src/main.o
 .debug_macro   0x00000000000009fe       0x10 ./Src/main.o
 .debug_macro   0x0000000000000a0e       0x16 ./Src/main.o
 .debug_macro   0x0000000000000a24       0x43 ./Src/main.o
 .debug_macro   0x0000000000000a67       0x34 ./Src/main.o
 .debug_macro   0x0000000000000a9b       0x10 ./Src/main.o
 .debug_macro   0x0000000000000aab       0x58 ./Src/main.o
 .debug_macro   0x0000000000000b03       0x71 ./Src/main.o
 .debug_macro   0x0000000000000b74       0x1c ./Src/main.o
 .debug_macro   0x0000000000000b90      0x12a ./Src/main.o
 .debug_macro   0x0000000000000cba       0x10 ./Src/main.o
 .debug_macro   0x0000000000000cca       0x1c ./Src/main.o
 .debug_macro   0x0000000000000ce6       0x52 ./Src/main.o
 .debug_macro   0x0000000000000d38       0x22 ./Src/main.o
 .debug_macro   0x0000000000000d5a       0x10 ./Src/main.o
 .debug_macro   0x0000000000000d6a       0x52 ./Src/main.o
 .debug_macro   0x0000000000000dbc       0xd5 ./Src/main.o
 .debug_macro   0x0000000000000e91       0x1c ./Src/main.o
 .debug_macro   0x0000000000000ead       0x3d ./Src/main.o
 .debug_macro   0x0000000000000eea       0x16 ./Src/main.o
 .debug_macro   0x0000000000000f00      0x145 ./Src/main.o
 .debug_macro   0x0000000000001045       0x10 ./Src/main.o
 .debug_macro   0x0000000000001055       0x10 ./Src/main.o
 .debug_macro   0x0000000000001065      0x24c ./Src/syscalls.o
 .debug_macro   0x00000000000012b1      0x174 ./Src/syscalls.o
 .debug_macro   0x0000000000001425       0x10 ./Src/syscalls.o
 .debug_macro   0x0000000000001435       0x35 ./Src/syscalls.o
 .debug_macro   0x000000000000146a       0x10 ./Src/syscalls.o
 .debug_macro   0x000000000000147a       0x10 ./Src/syscalls.o
 .debug_macro   0x000000000000148a       0x35 ./Src/syscalls.o
 .debug_macro   0x00000000000014bf      0x12c ./Src/syscalls.o
 .debug_macro   0x00000000000015eb       0x16 ./Src/syscalls.o
 .debug_macro   0x0000000000001601       0x16 ./Src/syscalls.o
 .debug_macro   0x0000000000001617       0x29 ./Src/syscalls.o
 .debug_macro   0x0000000000001640       0x10 ./Src/syscalls.o
 .debug_macro   0x0000000000001650      0x241 ./Src/syscalls.o
 .debug_macro   0x0000000000001891       0x1c ./Src/syscalls.o
 .debug_macro   0x00000000000018ad       0x10 ./Src/syscalls.o
 .debug_macro   0x00000000000018bd      0x189 ./Src/syscalls.o
 .debug_macro   0x0000000000001a46       0x16 ./Src/syscalls.o
 .debug_macro   0x0000000000001a5c       0xce ./Src/syscalls.o
 .debug_macro   0x0000000000001b2a       0xff ./Src/sysmem.o
 .debug_macro   0x0000000000001c29      0x23b ./Src/sysmem.o

.debug_line     0x0000000000000000     0x1956
 .debug_line    0x0000000000000000      0x4f8 ./Src/exti.o
 .debug_line    0x00000000000004f8      0x6f2 ./Src/main.o
 .debug_line    0x0000000000000bea      0x7f9 ./Src/syscalls.o
 .debug_line    0x00000000000013e3      0x4ef ./Src/sysmem.o
 .debug_line    0x00000000000018d2       0x84 ./Startup/startup_stm32f411retx.o

.debug_str      0x0000000000000000    0x550d4
 .debug_str     0x0000000000000000    0x4f80a ./Src/exti.o
                                      0x4f99e (size before relaxing)
 .debug_str     0x000000000004f80a     0x4098 ./Src/main.o
                                      0x5364c (size before relaxing)
 .debug_str     0x00000000000538a2     0x1765 ./Src/syscalls.o
                                       0x8a8b (size before relaxing)
 .debug_str     0x0000000000055007       0x66 ./Src/sysmem.o
                                       0x5dc7 (size before relaxing)
 .debug_str     0x000000000005506d       0x67 ./Startup/startup_stm32f411retx.o

.comment        0x0000000000000000       0x50
 .comment       0x0000000000000000       0x50 ./Src/exti.o
                                         0x51 (size before relaxing)
 .comment       0x0000000000000050       0x51 ./Src/main.o
 .comment       0x0000000000000050       0x51 ./Src/syscalls.o
 .comment       0x0000000000000050       0x51 ./Src/sysmem.o

.debug_frame    0x0000000000000000      0xa7c
 .debug_frame   0x0000000000000000       0x54 ./Src/exti.o
 .debug_frame   0x0000000000000054       0x64 ./Src/main.o
 .debug_frame   0x00000000000000b8      0x2ac ./Src/syscalls.o
 .debug_frame   0x0000000000000364       0x34 ./Src/sysmem.o
 .debug_frame   0x0000000000000398       0x20 c:/st/stm32cubeide_1.11.2/stm32cubeide/plugins/com.st.stm32cube.ide.mcu.externaltools.gnu-tools-for-stm32.10.3-2021.10.win32_1.0.100.202210260954/tools/bin/../lib/gcc/arm-none-eabi/10.3.1/../../../../arm-none-eabi/lib/thumb/v7e-m+fp/hard\libc_nano.a(lib_a-errno.o)
 .debug_frame   0x00000000000003b8       0x2c c:/st/stm32cubeide_1.11.2/stm32cubeide/plugins/com.st.stm32cube.ide.mcu.externaltools.gnu-tools-for-stm32.10.3-2021.10.win32_1.0.100.202210260954/tools/bin/../lib/gcc/arm-none-eabi/10.3.1/../../../../arm-none-eabi/lib/thumb/v7e-m+fp/hard\libc_nano.a(lib_a-init.o)
 .debug_frame   0x00000000000003e4       0x20 c:/st/stm32cubeide_1.11.2/stm32cubeide/plugins/com.st.stm32cube.ide.mcu.externaltools.gnu-tools-for-stm32.10.3-2021.10.win32_1.0.100.202210260954/tools/bin/../lib/gcc/arm-none-eabi/10.3.1/../../../../arm-none-eabi/lib/thumb/v7e-m+fp/hard\libc_nano.a(lib_a-memset.o)
 .debug_frame   0x0000000000000404       0x3c c:/st/stm32cubeide_1.11.2/stm32cubeide/plugins/com.st.stm32cube.ide.mcu.externaltools.gnu-tools-for-stm32.10.3-2021.10.win32_1.0.100.202210260954/tools/bin/../lib/gcc/arm-none-eabi/10.3.1/../../../../arm-none-eabi/lib/thumb/v7e-m+fp/hard\libc_nano.a(lib_a-puts.o)
 .debug_frame   0x0000000000000440       0x40 c:/st/stm32cubeide_1.11.2/stm32cubeide/plugins/com.st.stm32cube.ide.mcu.externaltools.gnu-tools-for-stm32.10.3-2021.10.win32_1.0.100.202210260954/tools/bin/../lib/gcc/arm-none-eabi/10.3.1/../../../../arm-none-eabi/lib/thumb/v7e-m+fp/hard\libc_nano.a(lib_a-wbuf.o)
 .debug_frame   0x0000000000000480       0x2c c:/st/stm32cubeide_1.11.2/stm32cubeide/plugins/com.st.stm32cube.ide.mcu.externaltools.gnu-tools-for-stm32.10.3-2021.10.win32_1.0.100.202210260954/tools/bin/../lib/gcc/arm-none-eabi/10.3.1/../../../../arm-none-eabi/lib/thumb/v7e-m+fp/hard\libc_nano.a(lib_a-wsetup.o)
 .debug_frame   0x00000000000004ac       0x5c c:/st/stm32cubeide_1.11.2/stm32cubeide/plugins/com.st.stm32cube.ide.mcu.externaltools.gnu-tools-for-stm32.10.3-2021.10.win32_1.0.100.202210260954/tools/bin/../lib/gcc/arm-none-eabi/10.3.1/../../../../arm-none-eabi/lib/thumb/v7e-m+fp/hard\libc_nano.a(lib_a-fflush.o)
 .debug_frame   0x0000000000000508      0x14c c:/st/stm32cubeide_1.11.2/stm32cubeide/plugins/com.st.stm32cube.ide.mcu.externaltools.gnu-tools-for-stm32.10.3-2021.10.win32_1.0.100.202210260954/tools/bin/../lib/gcc/arm-none-eabi/10.3.1/../../../../arm-none-eabi/lib/thumb/v7e-m+fp/hard\libc_nano.a(lib_a-findfp.o)
 .debug_frame   0x0000000000000654       0x54 c:/st/stm32cubeide_1.11.2/stm32cubeide/plugins/com.st.stm32cube.ide.mcu.externaltools.gnu-tools-for-stm32.10.3-2021.10.win32_1.0.100.202210260954/tools/bin/../lib/gcc/arm-none-eabi/10.3.1/../../../../arm-none-eabi/lib/thumb/v7e-m+fp/hard\libc_nano.a(lib_a-fwalk.o)
 .debug_frame   0x00000000000006a8       0xb0 c:/st/stm32cubeide_1.11.2/stm32cubeide/plugins/com.st.stm32cube.ide.mcu.externaltools.gnu-tools-for-stm32.10.3-2021.10.win32_1.0.100.202210260954/tools/bin/../lib/gcc/arm-none-eabi/10.3.1/../../../../arm-none-eabi/lib/thumb/v7e-m+fp/hard\libc_nano.a(lib_a-lock.o)
 .debug_frame   0x0000000000000758       0x58 c:/st/stm32cubeide_1.11.2/stm32cubeide/plugins/com.st.stm32cube.ide.mcu.externaltools.gnu-tools-for-stm32.10.3-2021.10.win32_1.0.100.202210260954/tools/bin/../lib/gcc/arm-none-eabi/10.3.1/../../../../arm-none-eabi/lib/thumb/v7e-m+fp/hard\libc_nano.a(lib_a-makebuf.o)
 .debug_frame   0x00000000000007b0       0x38 c:/st/stm32cubeide_1.11.2/stm32cubeide/plugins/com.st.stm32cube.ide.mcu.externaltools.gnu-tools-for-stm32.10.3-2021.10.win32_1.0.100.202210260954/tools/bin/../lib/gcc/arm-none-eabi/10.3.1/../../../../arm-none-eabi/lib/thumb/v7e-m+fp/hard\libc_nano.a(lib_a-nano-freer.o)
 .debug_frame   0x00000000000007e8       0x4c c:/st/stm32cubeide_1.11.2/stm32cubeide/plugins/com.st.stm32cube.ide.mcu.externaltools.gnu-tools-for-stm32.10.3-2021.10.win32_1.0.100.202210260954/tools/bin/../lib/gcc/arm-none-eabi/10.3.1/../../../../arm-none-eabi/lib/thumb/v7e-m+fp/hard\libc_nano.a(lib_a-nano-mallocr.o)
 .debug_frame   0x0000000000000834       0x2c c:/st/stm32cubeide_1.11.2/stm32cubeide/plugins/com.st.stm32cube.ide.mcu.externaltools.gnu-tools-for-stm32.10.3-2021.10.win32_1.0.100.202210260954/tools/bin/../lib/gcc/arm-none-eabi/10.3.1/../../../../arm-none-eabi/lib/thumb/v7e-m+fp/hard\libc_nano.a(lib_a-sbrkr.o)
 .debug_frame   0x0000000000000860       0x88 c:/st/stm32cubeide_1.11.2/stm32cubeide/plugins/com.st.stm32cube.ide.mcu.externaltools.gnu-tools-for-stm32.10.3-2021.10.win32_1.0.100.202210260954/tools/bin/../lib/gcc/arm-none-eabi/10.3.1/../../../../arm-none-eabi/lib/thumb/v7e-m+fp/hard\libc_nano.a(lib_a-stdio.o)
 .debug_frame   0x00000000000008e8       0x2c c:/st/stm32cubeide_1.11.2/stm32cubeide/plugins/com.st.stm32cube.ide.mcu.externaltools.gnu-tools-for-stm32.10.3-2021.10.win32_1.0.100.202210260954/tools/bin/../lib/gcc/arm-none-eabi/10.3.1/../../../../arm-none-eabi/lib/thumb/v7e-m+fp/hard\libc_nano.a(lib_a-writer.o)
 .debug_frame   0x0000000000000914       0x2c c:/st/stm32cubeide_1.11.2/stm32cubeide/plugins/com.st.stm32cube.ide.mcu.externaltools.gnu-tools-for-stm32.10.3-2021.10.win32_1.0.100.202210260954/tools/bin/../lib/gcc/arm-none-eabi/10.3.1/../../../../arm-none-eabi/lib/thumb/v7e-m+fp/hard\libc_nano.a(lib_a-closer.o)
 .debug_frame   0x0000000000000940       0x2c c:/st/stm32cubeide_1.11.2/stm32cubeide/plugins/com.st.stm32cube.ide.mcu.externaltools.gnu-tools-for-stm32.10.3-2021.10.win32_1.0.100.202210260954/tools/bin/../lib/gcc/arm-none-eabi/10.3.1/../../../../arm-none-eabi/lib/thumb/v7e-m+fp/hard\libc_nano.a(lib_a-fstatr.o)
 .debug_frame   0x000000000000096c       0x2c c:/st/stm32cubeide_1.11.2/stm32cubeide/plugins/com.st.stm32cube.ide.mcu.externaltools.gnu-tools-for-stm32.10.3-2021.10.win32_1.0.100.202210260954/tools/bin/../lib/gcc/arm-none-eabi/10.3.1/../../../../arm-none-eabi/lib/thumb/v7e-m+fp/hard\libc_nano.a(lib_a-isattyr.o)
 .debug_frame   0x0000000000000998       0x2c c:/st/stm32cubeide_1.11.2/stm32cubeide/plugins/com.st.stm32cube.ide.mcu.externaltools.gnu-tools-for-stm32.10.3-2021.10.win32_1.0.100.202210260954/tools/bin/../lib/gcc/arm-none-eabi/10.3.1/../../../../arm-none-eabi/lib/thumb/v7e-m+fp/hard\libc_nano.a(lib_a-lseekr.o)
 .debug_frame   0x00000000000009c4       0x30 c:/st/stm32cubeide_1.11.2/stm32cubeide/plugins/com.st.stm32cube.ide.mcu.externaltools.gnu-tools-for-stm32.10.3-2021.10.win32_1.0.100.202210260954/tools/bin/../lib/gcc/arm-none-eabi/10.3.1/../../../../arm-none-eabi/lib/thumb/v7e-m+fp/hard\libc_nano.a(lib_a-mlock.o)
 .debug_frame   0x00000000000009f4       0x2c c:/st/stm32cubeide_1.11.2/stm32cubeide/plugins/com.st.stm32cube.ide.mcu.externaltools.gnu-tools-for-stm32.10.3-2021.10.win32_1.0.100.202210260954/tools/bin/../lib/gcc/arm-none-eabi/10.3.1/../../../../arm-none-eabi/lib/thumb/v7e-m+fp/hard\libc_nano.a(lib_a-readr.o)
 .debug_frame   0x0000000000000a20       0x5c c:/st/stm32cubeide_1.11.2/stm32cubeide/plugins/com.st.stm32cube.ide.mcu.externaltools.gnu-tools-for-stm32.10.3-2021.10.win32_1.0.100.202210260954/tools/bin/../lib/gcc/arm-none-eabi/10.3.1/../../../../arm-none-eabi/lib/thumb/v7e-m+fp/hard\libc_nano.a(lib_a-reent.o)
