20:45:51 **** Incremental Build of configuration Debug for project 11_timers ****
make -j8 all 
arm-none-eabi-gcc "../Src/main.c" -mcpu=cortex-m4 -std=gnu11 -g3 -DDEBUG -DNUCLEO_F411RE -DSTM32 -DSTM32F4 -DSTM32F411RETx -DSTM32F401xE -c -I../Inc -I"C:/Users/Windows/Desktop/STM32/chip_header/CMSIS/Include" -I"C:/Users/Windows/Desktop/STM32/chip_header/CMSIS/Device/ST/STM32F4xx/Include" -O0 -ffunction-sections -fdata-sections -Wall -fstack-usage -MMD -MP -MF"Src/main.d" -MT"Src/main.o" --specs=nano.specs -mfpu=fpv4-sp-d16 -mfloat-abi=hard -mthumb -o "Src/main.o"
arm-none-eabi-gcc -o "11_timers.elf" @"objects.list"   -mcpu=cortex-m4 -T"C:\Users\Windows\Desktop\STM32\11_timers\STM32F411RETX_FLASH.ld" --specs=nosys.specs -Wl,-Map="11_timers.map" -Wl,--gc-sections -static --specs=nano.specs -mfpu=fpv4-sp-d16 -mfloat-abi=hard -mthumb -Wl,--start-group -lc -lm -Wl,--end-group
Finished building target: 11_timers.elf
 
arm-none-eabi-size   11_timers.elf 
arm-none-eabi-objdump -h -S  11_timers.elf  > "11_timers.list"
   text	   data	    bss	    dec	    hex	filename
    748	      8	   1568	   2324	    914	11_timers.elf
Finished building: default.size.stdout
 
Finished building: 11_timers.list
 

20:45:52 Build Finished. 0 errors, 0 warnings. (took 809ms)

